{
  "run_id": 7,
  "status": "ok",
  "inserted": 414,
  "errors": []
}
{
  "run_id": 9,
  "status": "ok",
  "inserted": 414,
  "errors": []
}
{
  "run_id": 10,
  "status": "ok",
  "inserted": 414,
  "errors": []
}
{
  "run_id": 11,
  "status": "ok",
  "inserted": 414,
  "errors": []
}
{
  "run_id": 12,
  "status": "ok",
  "inserted": 414,
  "errors": []
}
{
  "run_id": 15,
  "status": "ok",
  "inserted": 414,
  "errors": []
}
{
  "run_id": 16,
  "status": "ok",
  "inserted": 414,
  "errors": []
}
{
  "run_id": 17,
  "status": "ok",
  "inserted": 414,
  "errors": []
}
{
  "run_id": 19,
  "status": "ok",
  "inserted": 414,
  "errors": []
}
{
  "run_id": 20,
  "status": "ok",
  "inserted": 414,
  "errors": []
}
{
  "run_id": 21,
  "status": "ok",
  "inserted": 414,
  "errors": []
}
{
  "run_id": 22,
  "status": "partial",
  "inserted": 396,
  "errors": [
    "LTAC/icon: <urlopen error [SSL: UNEXPECTED_EOF_WHILE_READING] EOF occurred in violation of protocol (_ssl.c:1081)>",
    "ZSPD/gfs: <urlopen error [SSL: UNEXPECTED_EOF_WHILE_READING] EOF occurred in violation of protocol (_ssl.c:1081)>",
    "ZSPD/ecmwf: <urlopen error [SSL: UNEXPECTED_EOF_WHILE_READING] EOF occurred in violation of protocol (_ssl.c:1081)>"
  ]
}
{
  "run_id": 23,
  "status": "ok",
  "inserted": 414,
  "errors": []
}
{
  "run_id": 24,
  "status": "ok",
  "inserted": 414,
  "errors": []
}
{
  "run_id": 25,
  "status": "ok",
  "inserted": 414,
  "errors": []
}
{
  "run_id": 27,
  "status": "partial",
  "inserted": 408,
  "errors": [
    "SAEZ/gfs: <urlopen error _ssl.c:1063: The handshake operation timed out>"
  ]
}
{
  "run_id": 28,
  "status": "ok",
  "inserted": 414,
  "errors": []
}
{
  "run_id": 30,
  "status": "ok",
  "inserted": 414,
  "errors": []
}
{
  "run_id": 31,
  "status": "partial",
  "inserted": 408,
  "errors": [
    "KATL/icon: <urlopen error [SSL: UNEXPECTED_EOF_WHILE_READING] EOF occurred in violation of protocol (_ssl.c:1081)>"
  ]
}
{
  "run_id": 33,
  "status": "partial",
  "inserted": 0,
  "errors": [
    "CYYZ/nws_noaa: fetch_source() missing 1 required positional argument: 'source_url'",
    "CYYZ/wunderground: fetch_source() missing 1 required positional argument: 'source_url'",
    "CYYZ/gfs: fetch_source() missing 1 required positional argument: 'source_url'",
    "CYYZ/ecmwf: fetch_source() missing 1 required positional argument: 'source_url'",
    "CYYZ/icon: fetch_source() missing 1 required positional argument: 'source_url'",
    "KATL/nws_noaa: fetch_source() missing 1 required positional argument: 'source_url'",
    "KATL/wunderground: fetch_source() missing 1 required positional argument: 'source_url'",
    "KATL/gfs: fetch_source() missing 1 required positional argument: 'source_url'",
    "KATL/ecmwf: fetch_source() missing 1 required positional argument: 'source_url'",
    "KATL/icon: fetch_source() missing 1 required positional argument: 'source_url'",
    "KORD/nws_noaa: fetch_source() missing 1 required positional argument: 'source_url'",
    "KORD/wunderground: fetch_source() missing 1 required positional argument: 'source_url'",
    "KORD/gfs: fetch_source() missing 1 required positional argument: 'source_url'",
    "KORD/ecmwf: fetch_source() missing 1 required positional argument: 'source_url'",
    "KORD/icon: fetch_source() missing 1 required positional argument: 'source_url'",
    "VILK/nws_noaa: fetch_source() missing 1 required positional argument: 'source_url'",
    "VILK/wunderground: fetch_source() missing 1 required positional argument: 'source_url'",
    "VILK/gfs: fetch_source() missing 1 required positional argument: 'source_url'",
    "VILK/ecmwf: fetch_source() missing 1 required positional argument: 'source_url'",
    "VILK/icon: fetch_source() missing 1 required positional argument: 'source_url'",
    "LTAC/nws_noaa: fetch_source() missing 1 required positional argument: 'source_url'",
    "LTAC/wunderground: fetch_source() missing 1 required positional argument: 'source_url'",
    "LTAC/gfs: fetch_source() missing 1 required positional argument: 'source_url'",
    "LTAC/ecmwf: fetch_source() missing 1 required positional argument: 'source_url'",
    "LTAC/icon: fetch_source() missing 1 required positional argument: 'source_url'",
    "ZSPD/nws_noaa: fetch_source() missing 1 required positional argument: 'source_url'",
    "ZSPD/wunderground: fetch_source() missing 1 required positional argument: 'source_url'",
    "ZSPD/gfs: fetch_source() missing 1 required positional argument: 'source_url'",
    "ZSPD/ecmwf: fetch_source() missing 1 required positional argument: 'source_url'",
    "ZSPD/icon: fetch_source() missing 1 required positional argument: 'source_url'",
    "RKSI/nws_noaa: fetch_source() missing 1 required positional argument: 'source_url'",
    "RKSI/wunderground: fetch_source() missing 1 required positional argument: 'source_url'",
    "RKSI/gfs: fetch_source() missing 1 required positional argument: 'source_url'",
    "RKSI/ecmwf: fetch_source() missing 1 required positional argument: 'source_url'",
    "RKSI/icon: fetch_source() missing 1 required positional argument: 'source_url'",
    "EGLC/nws_noaa: fetch_source() missing 1 required positional argument: 'source_url'",
    "EGLC/wunderground: fetch_source() missing 1 required positional argument: 'source_url'",
    "EGLC/gfs: fetch_source() missing 1 required positional argument: 'source_url'",
    "EGLC/ecmwf: fetch_source() missing 1 required positional argument: 'source_url'",
    "EGLC/icon: fetch_source() missing 1 required positional argument: 'source_url'",
    "WSSS/nws_noaa: fetch_source() missing 1 required positional argument: 'source_url'",
    "WSSS/wunderground: fetch_source() missing 1 required positional argument: 'source_url'",
    "WSSS/gfs: fetch_source() missing 1 required positional argument: 'source_url'",
    "WSSS/ecmwf: fetch_source() missing 1 required positional argument: 'source_url'",
    "WSSS/icon: fetch_source() missing 1 required positional argument: 'source_url'",
    "KDAL/nws_noaa: fetch_source() missing 1 required positional argument: 'source_url'",
    "KDAL/wunderground: fetch_source() missing 1 required positional argument: 'source_url'",
    "KDAL/gfs: fetch_source() missing 1 required positional argument: 'source_url'",
    "KDAL/ecmwf: fetch_source() missing 1 required positional argument: 'source_url'",
    "KDAL/icon: fetch_source() missing 1 required positional argument: 'source_url'",
    "NZWN/nws_noaa: fetch_source() missing 1 required positional argument: 'source_url'",
    "NZWN/wunderground: fetch_source() missing 1 required positional argument: 'source_url'",
    "NZWN/gfs: fetch_source() missing 1 required positional argument: 'source_url'",
    "NZWN/ecmwf: fetch_source() missing 1 required positional argument: 'source_url'",
    "NZWN/icon: fetch_source() missing 1 required positional argument: 'source_url'",
    "KLGA/nws_noaa: fetch_source() missing 1 required positional argument: 'source_url'",
    "KLGA/wunderground: fetch_source() missing 1 required positional argument: 'source_url'",
    "KLGA/gfs: fetch_source() missing 1 required positional argument: 'source_url'",
    "KLGA/ecmwf: fetch_source() missing 1 required positional argument: 'source_url'",
    "KLGA/icon: fetch_source() missing 1 required positional argument: 'source_url'",
    "LFPG/nws_noaa: fetch_source() missing 1 required positional argument: 'source_url'",
    "LFPG/wunderground: fetch_source() missing 1 required positional argument: 'source_url'",
    "LFPG/gfs: fetch_source() missing 1 required positional argument: 'source_url'",
    "LFPG/ecmwf: fetch_source() missing 1 required positional argument: 'source_url'",
    "LFPG/icon: fetch_source() missing 1 required positional argument: 'source_url'",
    "EDDM/nws_noaa: fetch_source() missing 1 required positional argument: 'source_url'",
    "EDDM/wunderground: fetch_source() missing 1 required positional argument: 'source_url'",
    "EDDM/gfs: fetch_source() missing 1 required positional argument: 'source_url'",
    "EDDM/ecmwf: fetch_source() missing 1 required positional argument: 'source_url'",
    "EDDM/icon: fetch_source() missing 1 required positional argument: 'source_url'",
    "KSEA/nws_noaa: fetch_source() missing 1 required positional argument: 'source_url'",
    "KSEA/wunderground: fetch_source() missing 1 required positional argument: 'source_url'",
    "KSEA/gfs: fetch_source() missing 1 required positional argument: 'source_url'",
    "KSEA/ecmwf: fetch_source() missing 1 required positional argument: 'source_url'",
    "KSEA/icon: fetch_source() missing 1 required positional argument: 'source_url'",
    "LLBG/nws_noaa: fetch_source() missing 1 required positional argument: 'source_url'",
    "LLBG/wunderground: fetch_source() missing 1 required positional argument: 'source_url'",
    "LLBG/gfs: fetch_source() missing 1 required positional argument: 'source_url'",
    "LLBG/ecmwf: fetch_source() missing 1 required positional argument: 'source_url'",
    "LLBG/icon: fetch_source() missing 1 required positional argument: 'source_url'",
    "RJTT/nws_noaa: fetch_source() missing 1 required positional argument: 'source_url'",
    "RJTT/wunderground: fetch_source() missing 1 required positional argument: 'source_url'",
    "RJTT/gfs: fetch_source() missing 1 required positional argument: 'source_url'",
    "RJTT/ecmwf: fetch_source() missing 1 required positional argument: 'source_url'",
    "RJTT/icon: fetch_source() missing 1 required positional argument: 'source_url'",
    "SBGR/nws_noaa: fetch_source() missing 1 required positional argument: 'source_url'",
    "SBGR/wunderground: fetch_source() missing 1 required positional argument: 'source_url'",
    "SBGR/gfs: fetch_source() missing 1 required positional argument: 'source_url'",
    "SBGR/ecmwf: fetch_source() missing 1 required positional argument: 'source_url'",
    "SBGR/icon: fetch_source() missing 1 required positional argument: 'source_url'",
    "KMIA/nws_noaa: fetch_source() missing 1 required positional argument: 'source_url'",
    "KMIA/wunderground: fetch_source() missing 1 required positional argument: 'source_url'",
    "KMIA/gfs: fetch_source() missing 1 required positional argument: 'source_url'",
    "KMIA/ecmwf: fetch_source() missing 1 required positional argument: 'source_url'",
    "KMIA/icon: fetch_source() missing 1 required positional argument: 'source_url'",
    "SAEZ/nws_noaa: fetch_source() missing 1 required positional argument: 'source_url'",
    "SAEZ/wunderground: fetch_source() missing 1 required positional argument: 'source_url'",
    "SAEZ/gfs: fetch_source() missing 1 required positional argument: 'source_url'",
    "SAEZ/ecmwf: fetch_source() missing 1 required positional argument: 'source_url'",
    "SAEZ/icon: fetch_source() missing 1 required positional argument: 'source_url'",
    "RCSS/nws_noaa: fetch_source() missing 1 required positional argument: 'source_url'",
    "RCSS/wunderground: fetch_source() missing 1 required positional argument: 'source_url'",
    "RCSS/gfs: fetch_source() missing 1 required positional argument: 'source_url'",
    "RCSS/ecmwf: fetch_source() missing 1 required positional argument: 'source_url'",
    "RCSS/icon: fetch_source() missing 1 required positional argument: 'source_url'"
  ]
}
{
  "run_id": 36,
  "status": "ok",
  "inserted": 540,
  "errors": []
}
